0 verbose cli /usr/bin/node /usr/lib/node_modules/npm/bin/npm-cli.js
1 info using npm@10.8.2
2 info using node@v20.19.5
3 silly config load:file:/usr/lib/node_modules/npm/npmrc
4 silly config load:file:/var/www/spectra-gallery/spectra-contract/.npmrc
5 silly config load:file:/var/www/spectra-gallery/spectra-contract/.hh/.npmrc
6 silly config load:file:/usr/etc/npmrc
7 verbose title npm exec hardhat compile
8 verbose argv "exec" "--" "hardhat" "compile"
9 verbose logfile logs-max:10 dir:/var/www/spectra-gallery/spectra-contract/.hh/.npm/_logs/2025-09-25T22_04_41_126Z-
10 verbose logfile /var/www/spectra-gallery/spectra-contract/.hh/.npm/_logs/2025-09-25T22_04_41_126Z-debug-0.log
11 silly logfile done cleaning log files
12 http fetch GET 200 https://registry.npmjs.org/npm 124ms
13 verbose cwd /var/www/spectra-gallery/spectra-contract
14 verbose os Linux 6.14.0-32-generic
15 verbose node v20.19.5
16 verbose npm  v10.8.2
17 notice
17 notice New major version of npm available! 10.8.2 -> 11.6.1
17 notice Changelog: https://github.com/npm/cli/releases/tag/v11.6.1
17 notice To update run: npm install -g npm@11.6.1
17 notice  { force: true, [Symbol(proc-log.meta)]: true }
18 verbose exit 0
19 info ok
